1766223562.745931 client started (79137): version 3.5a, socket /private/tmp/tmux-502/default, protocol 8
1766223562.745982 on Darwin 25.2.0 Darwin Kernel Version 25.2.0: Tue Nov 18 21:09:40 PST 2025; root:xnu-12377.61.12~1/RELEASE_ARM64_T6000
1766223562.745988 using libevent 2.1.12-stable select
1766223562.746288 using utf8proc 2.11.2
1766223562.746295 using ncurses 6.5 20240427
1766223562.746305 flags are 0x10010000
1766223562.746309 socket is /private/tmp/tmux-502/default
1766223562.746316 trying connect
1766223562.746348 add peer 0xa6c81c000: 7 (0x0)
1766223562.748422 sending message 111 to peer 0xa6c81c000 (8 bytes)
1766223562.748429 sending message 111 to peer 0xa6c81c000 (8 bytes)
1766223562.748433 sending message 101 to peer 0xa6c81c000 (14 bytes)
1766223562.748436 sending message 109 to peer 0xa6c81c000 (4 bytes)
1766223562.748440 sending message 102 to peer 0xa6c81c000 (13 bytes)
1766223562.748444 sending message 108 to peer 0xa6c81c000 (35 bytes)
1766223562.748449 sending message 112 to peer 0xa6c81c000 (70 bytes)
1766223562.748452 sending message 112 to peer 0xa6c81c000 (5 bytes)
1766223562.748456 sending message 112 to peer 0xa6c81c000 (5 bytes)
1766223562.748463 sending message 112 to peer 0xa6c81c000 (6 bytes)
1766223562.748466 sending message 112 to peer 0xa6c81c000 (6 bytes)
1766223562.748470 sending message 112 to peer 0xa6c81c000 (11 bytes)
1766223562.748473 sending message 112 to peer 0xa6c81c000 (10 bytes)
1766223562.748476 sending message 112 to peer 0xa6c81c000 (13 bytes)
1766223562.748480 sending message 112 to peer 0xa6c81c000 (13 bytes)
1766223562.748483 sending message 112 to peer 0xa6c81c000 (18 bytes)
1766223562.748486 sending message 112 to peer 0xa6c81c000 (11 bytes)
1766223562.748489 sending message 112 to peer 0xa6c81c000 (10 bytes)
1766223562.748493 sending message 112 to peer 0xa6c81c000 (15 bytes)
1766223562.748496 sending message 112 to peer 0xa6c81c000 (21 bytes)
1766223562.748499 sending message 112 to peer 0xa6c81c000 (13 bytes)
1766223562.748502 sending message 112 to peer 0xa6c81c000 (7 bytes)
1766223562.748505 sending message 112 to peer 0xa6c81c000 (13 bytes)
1766223562.748509 sending message 112 to peer 0xa6c81c000 (7 bytes)
1766223562.748512 sending message 112 to peer 0xa6c81c000 (13 bytes)
1766223562.748515 sending message 112 to peer 0xa6c81c000 (9 bytes)
1766223562.748518 sending message 112 to peer 0xa6c81c000 (21 bytes)
1766223562.748521 sending message 112 to peer 0xa6c81c000 (13 bytes)
1766223562.748525 sending message 112 to peer 0xa6c81c000 (8 bytes)
1766223562.748528 sending message 112 to peer 0xa6c81c000 (12 bytes)
1766223562.748531 sending message 112 to peer 0xa6c81c000 (13 bytes)
1766223562.748534 sending message 112 to peer 0xa6c81c000 (9 bytes)
1766223562.748537 sending message 112 to peer 0xa6c81c000 (9 bytes)
1766223562.748541 sending message 112 to peer 0xa6c81c000 (12 bytes)
1766223562.748544 sending message 112 to peer 0xa6c81c000 (8 bytes)
1766223562.748547 sending message 112 to peer 0xa6c81c000 (8 bytes)
1766223562.748550 sending message 112 to peer 0xa6c81c000 (7 bytes)
1766223562.748553 sending message 112 to peer 0xa6c81c000 (7 bytes)
1766223562.748556 sending message 112 to peer 0xa6c81c000 (9 bytes)
1766223562.748560 sending message 112 to peer 0xa6c81c000 (13 bytes)
1766223562.748563 sending message 112 to peer 0xa6c81c000 (6 bytes)
1766223562.748566 sending message 112 to peer 0xa6c81c000 (9 bytes)
1766223562.748569 sending message 112 to peer 0xa6c81c000 (15 bytes)
1766223562.748572 sending message 112 to peer 0xa6c81c000 (13 bytes)
1766223562.748575 sending message 112 to peer 0xa6c81c000 (12 bytes)
1766223562.748578 sending message 112 to peer 0xa6c81c000 (8 bytes)
1766223562.748582 sending message 112 to peer 0xa6c81c000 (14 bytes)
1766223562.748585 sending message 112 to peer 0xa6c81c000 (11 bytes)
1766223562.748588 sending message 112 to peer 0xa6c81c000 (9 bytes)
1766223562.748591 sending message 112 to peer 0xa6c81c000 (10 bytes)
1766223562.748594 sending message 112 to peer 0xa6c81c000 (10 bytes)
1766223562.748597 sending message 112 to peer 0xa6c81c000 (10 bytes)
1766223562.748611 sending message 112 to peer 0xa6c81c000 (10 bytes)
1766223562.748614 sending message 112 to peer 0xa6c81c000 (11 bytes)
1766223562.748616 sending message 112 to peer 0xa6c81c000 (12 bytes)
1766223562.748619 sending message 112 to peer 0xa6c81c000 (12 bytes)
1766223562.748621 sending message 112 to peer 0xa6c81c000 (12 bytes)
1766223562.748624 sending message 112 to peer 0xa6c81c000 (12 bytes)
1766223562.748626 sending message 112 to peer 0xa6c81c000 (12 bytes)
1766223562.748628 sending message 112 to peer 0xa6c81c000 (11 bytes)
1766223562.748631 sending message 112 to peer 0xa6c81c000 (11 bytes)
1766223562.748633 sending message 112 to peer 0xa6c81c000 (12 bytes)
1766223562.748635 sending message 112 to peer 0xa6c81c000 (12 bytes)
1766223562.748640 sending message 112 to peer 0xa6c81c000 (12 bytes)
1766223562.748642 sending message 112 to peer 0xa6c81c000 (12 bytes)
1766223562.748645 sending message 112 to peer 0xa6c81c000 (12 bytes)
1766223562.748647 sending message 112 to peer 0xa6c81c000 (10 bytes)
1766223562.748649 sending message 112 to peer 0xa6c81c000 (12 bytes)
1766223562.748652 sending message 112 to peer 0xa6c81c000 (13 bytes)
1766223562.748654 sending message 112 to peer 0xa6c81c000 (13 bytes)
1766223562.748656 sending message 112 to peer 0xa6c81c000 (13 bytes)
1766223562.748659 sending message 112 to peer 0xa6c81c000 (13 bytes)
1766223562.748661 sending message 112 to peer 0xa6c81c000 (13 bytes)
1766223562.748663 sending message 112 to peer 0xa6c81c000 (8 bytes)
1766223562.748666 sending message 112 to peer 0xa6c81c000 (11 bytes)
1766223562.748668 sending message 112 to peer 0xa6c81c000 (11 bytes)
1766223562.748671 sending message 112 to peer 0xa6c81c000 (11 bytes)
1766223562.748673 sending message 112 to peer 0xa6c81c000 (12 bytes)
1766223562.748675 sending message 112 to peer 0xa6c81c000 (12 bytes)
1766223562.748678 sending message 112 to peer 0xa6c81c000 (12 bytes)
1766223562.748680 sending message 112 to peer 0xa6c81c000 (12 bytes)
1766223562.748682 sending message 112 to peer 0xa6c81c000 (13 bytes)
1766223562.748685 sending message 112 to peer 0xa6c81c000 (13 bytes)
1766223562.748687 sending message 112 to peer 0xa6c81c000 (13 bytes)
1766223562.748690 sending message 112 to peer 0xa6c81c000 (8 bytes)
1766223562.748692 sending message 112 to peer 0xa6c81c000 (13 bytes)
1766223562.748694 sending message 112 to peer 0xa6c81c000 (13 bytes)
1766223562.748697 sending message 112 to peer 0xa6c81c000 (13 bytes)
1766223562.748699 sending message 112 to peer 0xa6c81c000 (13 bytes)
1766223562.748701 sending message 112 to peer 0xa6c81c000 (13 bytes)
1766223562.748704 sending message 112 to peer 0xa6c81c000 (12 bytes)
1766223562.748706 sending message 112 to peer 0xa6c81c000 (12 bytes)
1766223562.748708 sending message 112 to peer 0xa6c81c000 (12 bytes)
1766223562.748711 sending message 112 to peer 0xa6c81c000 (12 bytes)
1766223562.748713 sending message 112 to peer 0xa6c81c000 (13 bytes)
1766223562.748716 sending message 112 to peer 0xa6c81c000 (8 bytes)
1766223562.748718 sending message 112 to peer 0xa6c81c000 (13 bytes)
1766223562.748720 sending message 112 to peer 0xa6c81c000 (13 bytes)
1766223562.748723 sending message 112 to peer 0xa6c81c000 (13 bytes)
1766223562.748725 sending message 112 to peer 0xa6c81c000 (13 bytes)
1766223562.748728 sending message 112 to peer 0xa6c81c000 (13 bytes)
1766223562.748730 sending message 112 to peer 0xa6c81c000 (13 bytes)
1766223562.748732 sending message 112 to peer 0xa6c81c000 (13 bytes)
1766223562.748735 sending message 112 to peer 0xa6c81c000 (12 bytes)
1766223562.748737 sending message 112 to peer 0xa6c81c000 (12 bytes)
1766223562.748739 sending message 112 to peer 0xa6c81c000 (12 bytes)
1766223562.748742 sending message 112 to peer 0xa6c81c000 (8 bytes)
1766223562.748744 sending message 112 to peer 0xa6c81c000 (12 bytes)
1766223562.748746 sending message 112 to peer 0xa6c81c000 (13 bytes)
1766223562.748749 sending message 112 to peer 0xa6c81c000 (13 bytes)
1766223562.748751 sending message 112 to peer 0xa6c81c000 (13 bytes)
1766223562.748758 sending message 112 to peer 0xa6c81c000 (13 bytes)
1766223562.748760 sending message 112 to peer 0xa6c81c000 (13 bytes)
1766223562.748763 sending message 112 to peer 0xa6c81c000 (13 bytes)
1766223562.748765 sending message 112 to peer 0xa6c81c000 (13 bytes)
1766223562.748767 sending message 112 to peer 0xa6c81c000 (13 bytes)
1766223562.748770 sending message 112 to peer 0xa6c81c000 (12 bytes)
1766223562.748772 sending message 112 to peer 0xa6c81c000 (10 bytes)
1766223562.748775 sending message 112 to peer 0xa6c81c000 (12 bytes)
1766223562.748777 sending message 112 to peer 0xa6c81c000 (12 bytes)
1766223562.748779 sending message 112 to peer 0xa6c81c000 (12 bytes)
1766223562.748782 sending message 112 to peer 0xa6c81c000 (13 bytes)
1766223562.748784 sending message 112 to peer 0xa6c81c000 (13 bytes)
1766223562.748786 sending message 112 to peer 0xa6c81c000 (13 bytes)
1766223562.748789 sending message 112 to peer 0xa6c81c000 (13 bytes)
1766223562.748791 sending message 112 to peer 0xa6c81c000 (13 bytes)
1766223562.748794 sending message 112 to peer 0xa6c81c000 (13 bytes)
1766223562.748796 sending message 112 to peer 0xa6c81c000 (13 bytes)
1766223562.748798 sending message 112 to peer 0xa6c81c000 (10 bytes)
1766223562.748801 sending message 112 to peer 0xa6c81c000 (13 bytes)
1766223562.748803 sending message 112 to peer 0xa6c81c000 (12 bytes)
1766223562.748805 sending message 112 to peer 0xa6c81c000 (12 bytes)
1766223562.748808 sending message 112 to peer 0xa6c81c000 (12 bytes)
1766223562.748810 sending message 112 to peer 0xa6c81c000 (10 bytes)
1766223562.748812 sending message 112 to peer 0xa6c81c000 (10 bytes)
1766223562.748815 sending message 112 to peer 0xa6c81c000 (10 bytes)
1766223562.748817 sending message 112 to peer 0xa6c81c000 (12 bytes)
1766223562.748819 sending message 112 to peer 0xa6c81c000 (13 bytes)
1766223562.748822 sending message 112 to peer 0xa6c81c000 (13 bytes)
1766223562.748824 sending message 112 to peer 0xa6c81c000 (13 bytes)
1766223562.748827 sending message 112 to peer 0xa6c81c000 (13 bytes)
1766223562.748829 sending message 112 to peer 0xa6c81c000 (13 bytes)
1766223562.748831 sending message 112 to peer 0xa6c81c000 (11 bytes)
1766223562.748834 sending message 112 to peer 0xa6c81c000 (11 bytes)
1766223562.748836 sending message 112 to peer 0xa6c81c000 (12 bytes)
1766223562.748838 sending message 112 to peer 0xa6c81c000 (12 bytes)
1766223562.748841 sending message 112 to peer 0xa6c81c000 (12 bytes)
1766223562.748843 sending message 112 to peer 0xa6c81c000 (12 bytes)
1766223562.748845 sending message 112 to peer 0xa6c81c000 (12 bytes)
1766223562.748848 sending message 112 to peer 0xa6c81c000 (11 bytes)
1766223562.748850 sending message 112 to peer 0xa6c81c000 (12 bytes)
1766223562.748852 sending message 112 to peer 0xa6c81c000 (12 bytes)
1766223562.748855 sending message 112 to peer 0xa6c81c000 (13 bytes)
1766223562.748857 sending message 112 to peer 0xa6c81c000 (13 bytes)
1766223562.748860 sending message 112 to peer 0xa6c81c000 (13 bytes)
1766223562.748862 sending message 112 to peer 0xa6c81c000 (13 bytes)
1766223562.748864 sending message 112 to peer 0xa6c81c000 (13 bytes)
1766223562.748867 sending message 112 to peer 0xa6c81c000 (10 bytes)
1766223562.748869 sending message 112 to peer 0xa6c81c000 (9 bytes)
1766223562.748871 sending message 112 to peer 0xa6c81c000 (12 bytes)
1766223562.748874 sending message 112 to peer 0xa6c81c000 (13 bytes)
1766223562.748876 sending message 112 to peer 0xa6c81c000 (13 bytes)
1766223562.748878 sending message 112 to peer 0xa6c81c000 (13 bytes)
1766223562.748881 sending message 112 to peer 0xa6c81c000 (13 bytes)
1766223562.748883 sending message 112 to peer 0xa6c81c000 (13 bytes)
1766223562.748885 sending message 112 to peer 0xa6c81c000 (9 bytes)
1766223562.748888 sending message 112 to peer 0xa6c81c000 (12 bytes)
1766223562.748890 sending message 112 to peer 0xa6c81c000 (13 bytes)
1766223562.748892 sending message 112 to peer 0xa6c81c000 (13 bytes)
1766223562.748895 sending message 112 to peer 0xa6c81c000 (13 bytes)
1766223562.748897 sending message 112 to peer 0xa6c81c000 (13 bytes)
1766223562.748903 sending message 112 to peer 0xa6c81c000 (13 bytes)
1766223562.748905 sending message 112 to peer 0xa6c81c000 (11 bytes)
1766223562.748907 sending message 112 to peer 0xa6c81c000 (12 bytes)
1766223562.748910 sending message 112 to peer 0xa6c81c000 (13 bytes)
1766223562.748912 sending message 112 to peer 0xa6c81c000 (13 bytes)
1766223562.748914 sending message 112 to peer 0xa6c81c000 (13 bytes)
1766223562.748917 sending message 112 to peer 0xa6c81c000 (13 bytes)
1766223562.748919 sending message 112 to peer 0xa6c81c000 (13 bytes)
1766223562.748921 sending message 112 to peer 0xa6c81c000 (11 bytes)
1766223562.748924 sending message 112 to peer 0xa6c81c000 (12 bytes)
1766223562.748926 sending message 112 to peer 0xa6c81c000 (12 bytes)
1766223562.748929 sending message 112 to peer 0xa6c81c000 (12 bytes)
1766223562.748931 sending message 112 to peer 0xa6c81c000 (12 bytes)
1766223562.748933 sending message 112 to peer 0xa6c81c000 (12 bytes)
1766223562.748936 sending message 112 to peer 0xa6c81c000 (21 bytes)
1766223562.748938 sending message 112 to peer 0xa6c81c000 (12 bytes)
1766223562.748940 sending message 112 to peer 0xa6c81c000 (9 bytes)
1766223562.748943 sending message 112 to peer 0xa6c81c000 (6 bytes)
1766223562.748945 sending message 112 to peer 0xa6c81c000 (13 bytes)
1766223562.748947 sending message 112 to peer 0xa6c81c000 (8 bytes)
1766223562.748950 sending message 112 to peer 0xa6c81c000 (15 bytes)
1766223562.748952 sending message 112 to peer 0xa6c81c000 (13 bytes)
1766223562.748955 sending message 112 to peer 0xa6c81c000 (9 bytes)
1766223562.748957 sending message 112 to peer 0xa6c81c000 (70 bytes)
1766223562.748959 sending message 112 to peer 0xa6c81c000 (69 bytes)
1766223562.748962 sending message 112 to peer 0xa6c81c000 (10 bytes)
1766223562.748964 sending message 112 to peer 0xa6c81c000 (10 bytes)
1766223562.748966 sending message 112 to peer 0xa6c81c000 (8 bytes)
1766223562.748969 sending message 112 to peer 0xa6c81c000 (15 bytes)
1766223562.748971 sending message 112 to peer 0xa6c81c000 (13 bytes)
1766223562.748974 sending message 112 to peer 0xa6c81c000 (10 bytes)
1766223562.748976 sending message 112 to peer 0xa6c81c000 (10 bytes)
1766223562.748978 sending message 112 to peer 0xa6c81c000 (17 bytes)
1766223562.748981 sending message 112 to peer 0xa6c81c000 (10 bytes)
1766223562.748983 sending message 112 to peer 0xa6c81c000 (13 bytes)
1766223562.748985 sending message 112 to peer 0xa6c81c000 (9 bytes)
1766223562.748988 sending message 112 to peer 0xa6c81c000 (5 bytes)
1766223562.748990 sending message 112 to peer 0xa6c81c000 (15 bytes)
1766223562.748993 sending message 104 to peer 0xa6c81c000 (0 bytes)
1766223562.748996 sending message 110 to peer 0xa6c81c000 (0 bytes)
1766223562.748999 sending message 107 to peer 0xa6c81c000 (4 bytes)
1766223562.749001 sending message 105 to peer 0xa6c81c000 (55 bytes)
1766223562.749004 sending message 105 to peer 0xa6c81c000 (59 bytes)
1766223562.749006 sending message 105 to peer 0xa6c81c000 (49 bytes)
1766223562.749008 sending message 105 to peer 0xa6c81c000 (85 bytes)
1766223562.749011 sending message 105 to peer 0xa6c81c000 (39 bytes)
1766223562.749013 sending message 105 to peer 0xa6c81c000 (32 bytes)
1766223562.749016 sending message 105 to peer 0xa6c81c000 (20 bytes)
1766223562.749018 sending message 105 to peer 0xa6c81c000 (22 bytes)
1766223562.749020 sending message 105 to peer 0xa6c81c000 (80 bytes)
1766223562.749023 sending message 105 to peer 0xa6c81c000 (41 bytes)
1766223562.749025 sending message 105 to peer 0xa6c81c000 (133 bytes)
1766223562.749028 sending message 105 to peer 0xa6c81c000 (538 bytes)
1766223562.749030 sending message 105 to peer 0xa6c81c000 (52 bytes)
1766223562.749033 sending message 105 to peer 0xa6c81c000 (102 bytes)
1766223562.749035 sending message 105 to peer 0xa6c81c000 (57 bytes)
1766223562.749038 sending message 105 to peer 0xa6c81c000 (75 bytes)
1766223562.749040 sending message 105 to peer 0xa6c81c000 (38 bytes)
1766223562.749042 sending message 105 to peer 0xa6c81c000 (36 bytes)
1766223562.749049 sending message 105 to peer 0xa6c81c000 (105 bytes)
1766223562.749052 sending message 105 to peer 0xa6c81c000 (21 bytes)
1766223562.749054 sending message 105 to peer 0xa6c81c000 (27 bytes)
1766223562.749057 sending message 105 to peer 0xa6c81c000 (37 bytes)
1766223562.749059 sending message 105 to peer 0xa6c81c000 (30 bytes)
1766223562.749062 sending message 105 to peer 0xa6c81c000 (34 bytes)
1766223562.749064 sending message 105 to peer 0xa6c81c000 (60 bytes)
1766223562.749066 sending message 105 to peer 0xa6c81c000 (58 bytes)
1766223562.749069 sending message 105 to peer 0xa6c81c000 (24 bytes)
1766223562.749071 sending message 105 to peer 0xa6c81c000 (23 bytes)
1766223562.749074 sending message 105 to peer 0xa6c81c000 (14 bytes)
1766223562.749076 sending message 105 to peer 0xa6c81c000 (15 bytes)
1766223562.749078 sending message 105 to peer 0xa6c81c000 (19 bytes)
1766223562.749081 sending message 105 to peer 0xa6c81c000 (17 bytes)
1766223562.749083 sending message 105 to peer 0xa6c81c000 (41 bytes)
1766223562.749086 sending message 105 to peer 0xa6c81c000 (8 bytes)
1766223562.749088 sending message 105 to peer 0xa6c81c000 (23 bytes)
1766223562.749090 sending message 105 to peer 0xa6c81c000 (32 bytes)
1766223562.749093 sending message 105 to peer 0xa6c81c000 (96 bytes)
1766223562.749095 sending message 105 to peer 0xa6c81c000 (54 bytes)
1766223562.749098 sending message 105 to peer 0xa6c81c000 (226 bytes)
1766223562.749100 sending message 105 to peer 0xa6c81c000 (57 bytes)
1766223562.749102 sending message 105 to peer 0xa6c81c000 (58 bytes)
1766223562.749105 sending message 105 to peer 0xa6c81c000 (61 bytes)
1766223562.749107 sending message 105 to peer 0xa6c81c000 (66 bytes)
1766223562.749109 sending message 105 to peer 0xa6c81c000 (62 bytes)
1766223562.749112 sending message 105 to peer 0xa6c81c000 (47 bytes)
1766223562.749114 sending message 105 to peer 0xa6c81c000 (53 bytes)
1766223562.749117 sending message 105 to peer 0xa6c81c000 (51 bytes)
1766223562.749119 sending message 105 to peer 0xa6c81c000 (62 bytes)
1766223562.749121 sending message 105 to peer 0xa6c81c000 (16 bytes)
1766223562.749124 sending message 105 to peer 0xa6c81c000 (35 bytes)
1766223562.749128 sending message 105 to peer 0xa6c81c000 (71 bytes)
1766223562.749132 sending message 105 to peer 0xa6c81c000 (34 bytes)
1766223562.749134 sending message 105 to peer 0xa6c81c000 (41 bytes)
1766223562.749137 sending message 105 to peer 0xa6c81c000 (18 bytes)
1766223562.749139 sending message 105 to peer 0xa6c81c000 (11 bytes)
1766223562.749142 sending message 105 to peer 0xa6c81c000 (2463 bytes)
1766223562.749144 sending message 105 to peer 0xa6c81c000 (45 bytes)
1766223562.749147 sending message 105 to peer 0xa6c81c000 (39 bytes)
1766223562.749149 sending message 105 to peer 0xa6c81c000 (40 bytes)
1766223562.749151 sending message 105 to peer 0xa6c81c000 (16 bytes)
1766223562.749154 sending message 105 to peer 0xa6c81c000 (44 bytes)
1766223562.749156 sending message 105 to peer 0xa6c81c000 (24 bytes)
1766223562.749159 sending message 105 to peer 0xa6c81c000 (46 bytes)
1766223562.749161 sending message 105 to peer 0xa6c81c000 (63 bytes)
1766223562.749163 sending message 105 to peer 0xa6c81c000 (41 bytes)
1766223562.749166 sending message 105 to peer 0xa6c81c000 (28 bytes)
1766223562.749168 sending message 105 to peer 0xa6c81c000 (24 bytes)
1766223562.749171 sending message 105 to peer 0xa6c81c000 (15 bytes)
1766223562.749173 sending message 105 to peer 0xa6c81c000 (8 bytes)
1766223562.749175 sending message 105 to peer 0xa6c81c000 (66 bytes)
1766223562.749178 sending message 105 to peer 0xa6c81c000 (38 bytes)
1766223562.749180 sending message 105 to peer 0xa6c81c000 (19 bytes)
1766223562.749182 sending message 105 to peer 0xa6c81c000 (19 bytes)
1766223562.749185 sending message 105 to peer 0xa6c81c000 (63 bytes)
1766223562.749187 sending message 105 to peer 0xa6c81c000 (18 bytes)
1766223562.749190 sending message 105 to peer 0xa6c81c000 (26 bytes)
1766223562.749192 sending message 105 to peer 0xa6c81c000 (57 bytes)
1766223562.749194 sending message 105 to peer 0xa6c81c000 (43 bytes)
1766223562.749200 sending message 105 to peer 0xa6c81c000 (13 bytes)
1766223562.749203 sending message 105 to peer 0xa6c81c000 (62 bytes)
1766223562.749205 sending message 105 to peer 0xa6c81c000 (20 bytes)
1766223562.749208 sending message 105 to peer 0xa6c81c000 (98 bytes)
1766223562.749210 sending message 105 to peer 0xa6c81c000 (14 bytes)
1766223562.749212 sending message 105 to peer 0xa6c81c000 (19 bytes)
1766223562.749215 sending message 105 to peer 0xa6c81c000 (37 bytes)
1766223562.749217 sending message 105 to peer 0xa6c81c000 (88 bytes)
1766223562.749220 sending message 105 to peer 0xa6c81c000 (43 bytes)
1766223562.749222 sending message 105 to peer 0xa6c81c000 (32 bytes)
1766223562.749225 sending message 105 to peer 0xa6c81c000 (44 bytes)
1766223562.749227 sending message 105 to peer 0xa6c81c000 (36 bytes)
1766223562.749229 sending message 105 to peer 0xa6c81c000 (33 bytes)
1766223562.749232 sending message 105 to peer 0xa6c81c000 (34 bytes)
1766223562.749234 sending message 105 to peer 0xa6c81c000 (49 bytes)
1766223562.749236 sending message 105 to peer 0xa6c81c000 (50 bytes)
1766223562.749239 sending message 105 to peer 0xa6c81c000 (49 bytes)
1766223562.749241 sending message 105 to peer 0xa6c81c000 (20 bytes)
1766223562.749244 sending message 105 to peer 0xa6c81c000 (14 bytes)
1766223562.749246 sending message 105 to peer 0xa6c81c000 (15 bytes)
1766223562.749248 sending message 105 to peer 0xa6c81c000 (27 bytes)
1766223562.749251 sending message 105 to peer 0xa6c81c000 (18 bytes)
1766223562.749253 sending message 105 to peer 0xa6c81c000 (14 bytes)
1766223562.749256 sending message 105 to peer 0xa6c81c000 (18 bytes)
1766223562.749258 sending message 105 to peer 0xa6c81c000 (20 bytes)
1766223562.749260 sending message 105 to peer 0xa6c81c000 (23 bytes)
1766223562.749263 sending message 105 to peer 0xa6c81c000 (11 bytes)
1766223562.749265 sending message 105 to peer 0xa6c81c000 (16 bytes)
1766223562.749267 sending message 105 to peer 0xa6c81c000 (15 bytes)
1766223562.749270 sending message 105 to peer 0xa6c81c000 (15 bytes)
1766223562.749272 sending message 105 to peer 0xa6c81c000 (15 bytes)
1766223562.749275 sending message 105 to peer 0xa6c81c000 (23 bytes)
1766223562.749277 sending message 105 to peer 0xa6c81c000 (15 bytes)
1766223562.749279 sending message 105 to peer 0xa6c81c000 (17 bytes)
1766223562.749282 sending message 105 to peer 0xa6c81c000 (9 bytes)
1766223562.749284 sending message 105 to peer 0xa6c81c000 (17 bytes)
1766223562.749286 sending message 105 to peer 0xa6c81c000 (14 bytes)
1766223562.749289 sending message 105 to peer 0xa6c81c000 (10 bytes)
1766223562.749291 sending message 105 to peer 0xa6c81c000 (25 bytes)
1766223562.749295 sending message 106 to peer 0xa6c81c000 (0 bytes)
1766223562.749348 sending message 200 to peer 0xa6c81c000 (4 bytes)
1766223562.749352 client loop enter
1766223562.749490 peer 0xa6c81c000 message 303
1766223562.749495 open write file 2 -
1766223562.749505 sending message 305 to peer 0xa6c81c000 (8 bytes)
1766223562.749514 write check file 2
1766223562.749527 peer 0xa6c81c000 message 304
1766223562.749530 write 58 to file 2
1766223562.749533 peer 0xa6c81c000 message 203
1766223562.749536 file 2 58 bytes left
1766223562.749543 write check file 2
1766223562.749546 client loop exit
